// Jest Snapshot v1, https://goo.gl/fbAQLP

exports[`GiftItem snapshot should match snapshot 1`] = `
<div>
  <div
    class="gift-item"
  >
    <div>
      Test Gift
    </div>
    <div>
      4
    </div>
  </div>
</div>
`;
